/home/user/webapp/main.py:712: DeprecationWarning: datetime.datetime.utcnow() is deprecated and scheduled for removal in a future version. Use timezone-aware objects to represent datetimes in UTC: datetime.datetime.now(datetime.UTC).
  self.start_time = datetime.utcnow()
/home/user/webapp/main.py:713: DeprecationWarning: datetime.datetime.utcnow() is deprecated and scheduled for removal in a future version. Use timezone-aware objects to represent datetimes in UTC: datetime.datetime.now(datetime.UTC).
  self.last_report_time = datetime.utcnow()
2025-08-30 04:46:35,194 - __main__ - INFO - 🚀 AGGRESSIVE CRYPTO TRADING BOT - FULL SYSTEM INITIALIZED
2025-08-30 04:46:35,194 - __main__ - INFO - 💰 Initial Capital: $10,000.00
2025-08-30 04:46:35,194 - __main__ - INFO - ⚡ Portfolio Risk: 30.0%
2025-08-30 04:46:35,194 - __main__ - INFO - 🎯 Max Position Size: 15.0%
2025-08-30 04:46:35,194 - __main__ - INFO - 🔥 LIVE TRADING MODE: True
2025-08-30 04:46:35,195 - __main__ - INFO - 🔥 AGGRESSIVE CRYPTO TRADING BOT - FULL SYSTEM STARTING...
2025-08-30 04:46:35,196 - __main__ - INFO - 🚀 Starting aggressive live trading operations...
2025-08-30 04:46:35,196 - __main__ - INFO - ⚡ Starting trading cycle - analyzing markets...
/home/user/webapp/main.py:1065: DeprecationWarning: datetime.datetime.utcnow() is deprecated and scheduled for removal in a future version. Use timezone-aware objects to represent datetimes in UTC: datetime.datetime.now(datetime.UTC).
  if datetime.utcnow() - self.last_report_time > timedelta(hours=24):
2025-08-30 04:46:35,196 - __main__ - INFO - 📊 Trading cycle complete | Active positions: 0
2025-08-30 04:46:35,196 - __main__ - INFO - 💰 Portfolio value: $10,000.00 | Total P&L: $0.00
INFO:     Started server process [3720]
INFO:     Waiting for application startup.
INFO:     Application startup complete.
INFO:     Uvicorn running on http://0.0.0.0:8889 (Press CTRL+C to quit)
/home/user/webapp/main.py:712: DeprecationWarning: datetime.datetime.utcnow() is deprecated and scheduled for removal in a future version. Use timezone-aware objects to represent datetimes in UTC: datetime.datetime.now(datetime.UTC).
  self.start_time = datetime.utcnow()
/home/user/webapp/main.py:713: DeprecationWarning: datetime.datetime.utcnow() is deprecated and scheduled for removal in a future version. Use timezone-aware objects to represent datetimes in UTC: datetime.datetime.now(datetime.UTC).
  self.last_report_time = datetime.utcnow()
2025-08-30 05:31:58,980 - __main__ - INFO - 🚀 AGGRESSIVE CRYPTO TRADING BOT - FULL SYSTEM INITIALIZED
2025-08-30 05:31:58,980 - __main__ - INFO - 💰 Initial Capital: $10,000.00
2025-08-30 05:31:58,980 - __main__ - INFO - ⚡ Portfolio Risk: 30.0%
2025-08-30 05:31:58,980 - __main__ - INFO - 🎯 Max Position Size: 15.0%
2025-08-30 05:31:58,980 - __main__ - INFO - 🔥 LIVE TRADING MODE: True
2025-08-30 05:31:58,981 - __main__ - INFO - 🔥 AGGRESSIVE CRYPTO TRADING BOT - FULL SYSTEM STARTING...
2025-08-30 05:31:58,982 - __main__ - INFO - 🚀 Starting aggressive live trading operations...
2025-08-30 05:31:58,982 - __main__ - INFO - ⚡ Starting trading cycle - analyzing markets...
/home/user/webapp/main.py:1065: DeprecationWarning: datetime.datetime.utcnow() is deprecated and scheduled for removal in a future version. Use timezone-aware objects to represent datetimes in UTC: datetime.datetime.now(datetime.UTC).
  if datetime.utcnow() - self.last_report_time > timedelta(hours=24):
2025-08-30 05:31:58,982 - __main__ - INFO - 📊 Trading cycle complete | Active positions: 0
2025-08-30 05:31:58,982 - __main__ - INFO - 💰 Portfolio value: $10,000.00 | Total P&L: $0.00
INFO:     Started server process [1872]
INFO:     Waiting for application startup.
INFO:     Application startup complete.
INFO:     Uvicorn running on http://0.0.0.0:8889 (Press CTRL+C to quit)
/home/user/webapp/main.py:798: DeprecationWarning: datetime.datetime.utcnow() is deprecated and scheduled for removal in a future version. Use timezone-aware objects to represent datetimes in UTC: datetime.datetime.now(datetime.UTC).
  uptime = datetime.utcnow() - self.start_time
/home/user/webapp/main.py:803: DeprecationWarning: datetime.datetime.utcnow() is deprecated and scheduled for removal in a future version. Use timezone-aware objects to represent datetimes in UTC: datetime.datetime.now(datetime.UTC).
  "timestamp": datetime.utcnow().isoformat(),
INFO:     Shutting down
INFO:     Waiting for application shutdown.
INFO:     Application shutdown complete.
INFO:     Finished server process [1872]
/home/user/webapp/main.py:712: DeprecationWarning: datetime.datetime.utcnow() is deprecated and scheduled for removal in a future version. Use timezone-aware objects to represent datetimes in UTC: datetime.datetime.now(datetime.UTC).
  self.start_time = datetime.utcnow()
/home/user/webapp/main.py:713: DeprecationWarning: datetime.datetime.utcnow() is deprecated and scheduled for removal in a future version. Use timezone-aware objects to represent datetimes in UTC: datetime.datetime.now(datetime.UTC).
  self.last_report_time = datetime.utcnow()
2025-08-30 05:35:50,267 - __main__ - INFO - 🚀 AGGRESSIVE CRYPTO TRADING BOT - FULL SYSTEM INITIALIZED
2025-08-30 05:35:50,267 - __main__ - INFO - 💰 Initial Capital: $10,000.00
2025-08-30 05:35:50,267 - __main__ - INFO - ⚡ Portfolio Risk: 30.0%
2025-08-30 05:35:50,267 - __main__ - INFO - 🎯 Max Position Size: 15.0%
2025-08-30 05:35:50,267 - __main__ - INFO - 🔥 LIVE TRADING MODE: True
2025-08-30 05:35:50,267 - __main__ - INFO - 🔥 AGGRESSIVE CRYPTO TRADING BOT - FULL SYSTEM STARTING...
2025-08-30 05:35:50,268 - __main__ - INFO - 🚀 Starting aggressive live trading operations...
2025-08-30 05:35:50,268 - __main__ - INFO - ⚡ Starting trading cycle - analyzing markets...
/home/user/webapp/main.py:1065: DeprecationWarning: datetime.datetime.utcnow() is deprecated and scheduled for removal in a future version. Use timezone-aware objects to represent datetimes in UTC: datetime.datetime.now(datetime.UTC).
  if datetime.utcnow() - self.last_report_time > timedelta(hours=24):
2025-08-30 05:35:50,268 - __main__ - INFO - 📊 Trading cycle complete | Active positions: 0
2025-08-30 05:35:50,269 - __main__ - INFO - 💰 Portfolio value: $10,000.00 | Total P&L: $0.00
INFO:     Started server process [2602]
INFO:     Waiting for application startup.
INFO:     Application startup complete.
INFO:     Uvicorn running on http://0.0.0.0:8889 (Press CTRL+C to quit)
/home/user/webapp/main.py:798: DeprecationWarning: datetime.datetime.utcnow() is deprecated and scheduled for removal in a future version. Use timezone-aware objects to represent datetimes in UTC: datetime.datetime.now(datetime.UTC).
  uptime = datetime.utcnow() - self.start_time
/home/user/webapp/main.py:803: DeprecationWarning: datetime.datetime.utcnow() is deprecated and scheduled for removal in a future version. Use timezone-aware objects to represent datetimes in UTC: datetime.datetime.now(datetime.UTC).
  "timestamp": datetime.utcnow().isoformat(),
2025-08-30 05:50:50,270 - __main__ - INFO - ⚡ Starting trading cycle - analyzing markets...
2025-08-30 05:50:50,270 - __main__ - INFO - 📊 Trading cycle complete | Active positions: 0
2025-08-30 05:50:50,270 - __main__ - INFO - 💰 Portfolio value: $10,000.00 | Total P&L: $0.00
INFO:     Shutting down
INFO:     Waiting for application shutdown.
INFO:     Application shutdown complete.
INFO:     Finished server process [2602]
ERROR:root:Error getting account balance: APIError(code=-2015): Invalid API-key, IP, or permissions for action.
/home/user/webapp/main.py:738: DeprecationWarning: datetime.datetime.utcnow() is deprecated and scheduled for removal in a future version. Use timezone-aware objects to represent datetimes in UTC: datetime.datetime.now(datetime.UTC).
  self.start_time = datetime.utcnow()
/home/user/webapp/main.py:739: DeprecationWarning: datetime.datetime.utcnow() is deprecated and scheduled for removal in a future version. Use timezone-aware objects to represent datetimes in UTC: datetime.datetime.now(datetime.UTC).
  self.last_report_time = datetime.utcnow()
/home/user/webapp/main.py:1091: DeprecationWarning: datetime.datetime.utcnow() is deprecated and scheduled for removal in a future version. Use timezone-aware objects to represent datetimes in UTC: datetime.datetime.now(datetime.UTC).
  if datetime.utcnow() - self.last_report_time > timedelta(hours=24):
INFO:     Started server process [5915]
INFO:     Waiting for application startup.
INFO:     Application startup complete.
INFO:     Uvicorn running on http://0.0.0.0:8889 (Press CTRL+C to quit)
/home/user/webapp/main.py:824: DeprecationWarning: datetime.datetime.utcnow() is deprecated and scheduled for removal in a future version. Use timezone-aware objects to represent datetimes in UTC: datetime.datetime.now(datetime.UTC).
  uptime = datetime.utcnow() - self.start_time
/home/user/webapp/main.py:829: DeprecationWarning: datetime.datetime.utcnow() is deprecated and scheduled for removal in a future version. Use timezone-aware objects to represent datetimes in UTC: datetime.datetime.now(datetime.UTC).
  "timestamp": datetime.utcnow().isoformat(),
INFO:     Shutting down
INFO:     Waiting for application shutdown.
INFO:     Application shutdown complete.
INFO:     Finished server process [5915]
/home/user/webapp/main.py:738: DeprecationWarning: datetime.datetime.utcnow() is deprecated and scheduled for removal in a future version. Use timezone-aware objects to represent datetimes in UTC: datetime.datetime.now(datetime.UTC).
  self.start_time = datetime.utcnow()
/home/user/webapp/main.py:739: DeprecationWarning: datetime.datetime.utcnow() is deprecated and scheduled for removal in a future version. Use timezone-aware objects to represent datetimes in UTC: datetime.datetime.now(datetime.UTC).
  self.last_report_time = datetime.utcnow()
2025-08-30 06:12:39,145 - __main__ - INFO - 🚀 AGGRESSIVE CRYPTO TRADING BOT - FULL SYSTEM INITIALIZED
2025-08-30 06:12:39,145 - __main__ - INFO - 💰 Initial Capital: $344.27
2025-08-30 06:12:39,145 - __main__ - INFO - ⚡ Portfolio Risk: 30.0%
2025-08-30 06:12:39,145 - __main__ - INFO - 🎯 Max Position Size: 15.0%
2025-08-30 06:12:39,145 - __main__ - INFO - 🔥 LIVE TRADING MODE: True
2025-08-30 06:12:39,146 - __main__ - INFO - 🔥 AGGRESSIVE CRYPTO TRADING BOT - FULL SYSTEM STARTING...
2025-08-30 06:12:39,147 - __main__ - INFO - 🚀 Starting aggressive live trading operations...
2025-08-30 06:12:39,147 - __main__ - INFO - ⚡ Starting trading cycle - analyzing markets...
/home/user/webapp/main.py:1091: DeprecationWarning: datetime.datetime.utcnow() is deprecated and scheduled for removal in a future version. Use timezone-aware objects to represent datetimes in UTC: datetime.datetime.now(datetime.UTC).
  if datetime.utcnow() - self.last_report_time > timedelta(hours=24):
2025-08-30 06:12:39,147 - __main__ - INFO - 📊 Trading cycle complete | Active positions: 0
2025-08-30 06:12:39,147 - __main__ - INFO - 💰 Portfolio value: $344.27 | Total P&L: $0.00
INFO:     Started server process [6936]
INFO:     Waiting for application startup.
INFO:     Application startup complete.
INFO:     Uvicorn running on http://0.0.0.0:8889 (Press CTRL+C to quit)
/home/user/webapp/main.py:824: DeprecationWarning: datetime.datetime.utcnow() is deprecated and scheduled for removal in a future version. Use timezone-aware objects to represent datetimes in UTC: datetime.datetime.now(datetime.UTC).
  uptime = datetime.utcnow() - self.start_time
/home/user/webapp/main.py:829: DeprecationWarning: datetime.datetime.utcnow() is deprecated and scheduled for removal in a future version. Use timezone-aware objects to represent datetimes in UTC: datetime.datetime.now(datetime.UTC).
  "timestamp": datetime.utcnow().isoformat(),
INFO:     Shutting down
INFO:     Waiting for application shutdown.
INFO:     Application shutdown complete.
INFO:     Finished server process [6936]
/home/user/webapp/main.py:738: DeprecationWarning: datetime.datetime.utcnow() is deprecated and scheduled for removal in a future version. Use timezone-aware objects to represent datetimes in UTC: datetime.datetime.now(datetime.UTC).
  self.start_time = datetime.utcnow()
/home/user/webapp/main.py:739: DeprecationWarning: datetime.datetime.utcnow() is deprecated and scheduled for removal in a future version. Use timezone-aware objects to represent datetimes in UTC: datetime.datetime.now(datetime.UTC).
  self.last_report_time = datetime.utcnow()
2025-08-30 06:17:14,552 - __main__ - INFO - 🚀 AGGRESSIVE CRYPTO TRADING BOT - FULL SYSTEM INITIALIZED
2025-08-30 06:17:14,552 - __main__ - INFO - 💰 Initial Capital: $344.27
2025-08-30 06:17:14,553 - __main__ - INFO - ⚡ Portfolio Risk: 30.0%
2025-08-30 06:17:14,553 - __main__ - INFO - 🎯 Max Position Size: 15.0%
2025-08-30 06:17:14,553 - __main__ - INFO - 🔥 LIVE TRADING MODE: True
2025-08-30 06:17:14,553 - __main__ - INFO - 🔥 AGGRESSIVE CRYPTO TRADING BOT - FULL SYSTEM STARTING...
2025-08-30 06:17:14,554 - __main__ - INFO - 🚀 Starting aggressive live trading operations...
2025-08-30 06:17:14,554 - __main__ - INFO - ⚡ Starting trading cycle - analyzing markets...
/home/user/webapp/main.py:1091: DeprecationWarning: datetime.datetime.utcnow() is deprecated and scheduled for removal in a future version. Use timezone-aware objects to represent datetimes in UTC: datetime.datetime.now(datetime.UTC).
  if datetime.utcnow() - self.last_report_time > timedelta(hours=24):
2025-08-30 06:17:14,554 - __main__ - INFO - 📊 Trading cycle complete | Active positions: 0
2025-08-30 06:17:14,554 - __main__ - INFO - 💰 Portfolio value: $344.27 | Total P&L: $0.00
INFO:     Started server process [7557]
INFO:     Waiting for application startup.
INFO:     Application startup complete.
INFO:     Uvicorn running on http://0.0.0.0:8889 (Press CTRL+C to quit)
/home/user/webapp/main.py:824: DeprecationWarning: datetime.datetime.utcnow() is deprecated and scheduled for removal in a future version. Use timezone-aware objects to represent datetimes in UTC: datetime.datetime.now(datetime.UTC).
  uptime = datetime.utcnow() - self.start_time
/home/user/webapp/main.py:829: DeprecationWarning: datetime.datetime.utcnow() is deprecated and scheduled for removal in a future version. Use timezone-aware objects to represent datetimes in UTC: datetime.datetime.now(datetime.UTC).
  "timestamp": datetime.utcnow().isoformat(),
INFO:     Shutting down
INFO:     Waiting for application shutdown.
INFO:     Application shutdown complete.
INFO:     Finished server process [7557]
/home/user/webapp/main.py:738: DeprecationWarning: datetime.datetime.utcnow() is deprecated and scheduled for removal in a future version. Use timezone-aware objects to represent datetimes in UTC: datetime.datetime.now(datetime.UTC).
  self.start_time = datetime.utcnow()
/home/user/webapp/main.py:739: DeprecationWarning: datetime.datetime.utcnow() is deprecated and scheduled for removal in a future version. Use timezone-aware objects to represent datetimes in UTC: datetime.datetime.now(datetime.UTC).
  self.last_report_time = datetime.utcnow()
2025-08-30 06:17:56,570 - __main__ - INFO - 🚀 AGGRESSIVE CRYPTO TRADING BOT - FULL SYSTEM INITIALIZED
2025-08-30 06:17:56,570 - __main__ - INFO - 💰 Initial Capital: $344.27
2025-08-30 06:17:56,570 - __main__ - INFO - ⚡ Portfolio Risk: 30.0%
2025-08-30 06:17:56,570 - __main__ - INFO - 🎯 Max Position Size: 15.0%
2025-08-30 06:17:56,570 - __main__ - INFO - 🔥 LIVE TRADING MODE: True
2025-08-30 06:17:56,570 - __main__ - INFO - 🔥 AGGRESSIVE CRYPTO TRADING BOT - FULL SYSTEM STARTING...
2025-08-30 06:17:56,571 - __main__ - INFO - 🚀 Starting aggressive live trading operations...
2025-08-30 06:17:56,572 - __main__ - INFO - ⚡ Starting trading cycle - analyzing markets...
/home/user/webapp/main.py:1091: DeprecationWarning: datetime.datetime.utcnow() is deprecated and scheduled for removal in a future version. Use timezone-aware objects to represent datetimes in UTC: datetime.datetime.now(datetime.UTC).
  if datetime.utcnow() - self.last_report_time > timedelta(hours=24):
2025-08-30 06:17:56,572 - __main__ - INFO - 📊 Trading cycle complete | Active positions: 0
2025-08-30 06:17:56,572 - __main__ - INFO - 💰 Portfolio value: $344.27 | Total P&L: $0.00
INFO:     Started server process [7756]
INFO:     Waiting for application startup.
INFO:     Application startup complete.
INFO:     Uvicorn running on http://0.0.0.0:8889 (Press CTRL+C to quit)
/home/user/webapp/main.py:824: DeprecationWarning: datetime.datetime.utcnow() is deprecated and scheduled for removal in a future version. Use timezone-aware objects to represent datetimes in UTC: datetime.datetime.now(datetime.UTC).
  uptime = datetime.utcnow() - self.start_time
/home/user/webapp/main.py:829: DeprecationWarning: datetime.datetime.utcnow() is deprecated and scheduled for removal in a future version. Use timezone-aware objects to represent datetimes in UTC: datetime.datetime.now(datetime.UTC).
  "timestamp": datetime.utcnow().isoformat(),
INFO:     Shutting down
INFO:     Waiting for application shutdown.
INFO:     Application shutdown complete.
INFO:     Finished server process [7756]
/home/user/webapp/main.py:738: DeprecationWarning: datetime.datetime.utcnow() is deprecated and scheduled for removal in a future version. Use timezone-aware objects to represent datetimes in UTC: datetime.datetime.now(datetime.UTC).
  self.start_time = datetime.utcnow()
/home/user/webapp/main.py:739: DeprecationWarning: datetime.datetime.utcnow() is deprecated and scheduled for removal in a future version. Use timezone-aware objects to represent datetimes in UTC: datetime.datetime.now(datetime.UTC).
  self.last_report_time = datetime.utcnow()
2025-08-30 06:19:13,300 - __main__ - INFO - 🚀 AGGRESSIVE CRYPTO TRADING BOT - FULL SYSTEM INITIALIZED
2025-08-30 06:19:13,300 - __main__ - INFO - 💰 Initial Capital: $344.27
2025-08-30 06:19:13,300 - __main__ - INFO - ⚡ Portfolio Risk: 80.0%
2025-08-30 06:19:13,300 - __main__ - INFO - 🎯 Max Position Size: 50.0%
2025-08-30 06:19:13,300 - __main__ - INFO - 🔥 LIVE TRADING MODE: True
2025-08-30 06:19:13,301 - __main__ - INFO - 🔥 AGGRESSIVE CRYPTO TRADING BOT - FULL SYSTEM STARTING...
2025-08-30 06:19:13,302 - __main__ - INFO - 🚀 Starting aggressive live trading operations...
2025-08-30 06:19:13,302 - __main__ - INFO - ⚡ Starting trading cycle - analyzing markets...
/home/user/webapp/main.py:1091: DeprecationWarning: datetime.datetime.utcnow() is deprecated and scheduled for removal in a future version. Use timezone-aware objects to represent datetimes in UTC: datetime.datetime.now(datetime.UTC).
  if datetime.utcnow() - self.last_report_time > timedelta(hours=24):
2025-08-30 06:19:13,302 - __main__ - INFO - 📊 Trading cycle complete | Active positions: 0
2025-08-30 06:19:13,302 - __main__ - INFO - 💰 Portfolio value: $344.27 | Total P&L: $0.00
INFO:     Started server process [8380]
INFO:     Waiting for application startup.
INFO:     Application startup complete.
INFO:     Uvicorn running on http://0.0.0.0:8889 (Press CTRL+C to quit)
/home/user/webapp/main.py:824: DeprecationWarning: datetime.datetime.utcnow() is deprecated and scheduled for removal in a future version. Use timezone-aware objects to represent datetimes in UTC: datetime.datetime.now(datetime.UTC).
  uptime = datetime.utcnow() - self.start_time
/home/user/webapp/main.py:829: DeprecationWarning: datetime.datetime.utcnow() is deprecated and scheduled for removal in a future version. Use timezone-aware objects to represent datetimes in UTC: datetime.datetime.now(datetime.UTC).
  "timestamp": datetime.utcnow().isoformat(),
2025-08-30 06:34:13,303 - __main__ - INFO - ⚡ Starting trading cycle - analyzing markets...
2025-08-30 06:34:13,304 - __main__ - INFO - 📊 Trading cycle complete | Active positions: 0
2025-08-30 06:34:13,304 - __main__ - INFO - 💰 Portfolio value: $344.27 | Total P&L: $0.00
2025-08-30 06:49:13,304 - __main__ - INFO - ⚡ Starting trading cycle - analyzing markets...
2025-08-30 06:49:13,304 - __main__ - INFO - 📊 Trading cycle complete | Active positions: 0
2025-08-30 06:49:13,305 - __main__ - INFO - 💰 Portfolio value: $344.27 | Total P&L: $0.00
INFO:     Shutting down
INFO:     Waiting for application shutdown.
INFO:     Application shutdown complete.
INFO:     Finished server process [8380]
/home/user/webapp/main.py:738: DeprecationWarning: datetime.datetime.utcnow() is deprecated and scheduled for removal in a future version. Use timezone-aware objects to represent datetimes in UTC: datetime.datetime.now(datetime.UTC).
  self.start_time = datetime.utcnow()
/home/user/webapp/main.py:739: DeprecationWarning: datetime.datetime.utcnow() is deprecated and scheduled for removal in a future version. Use timezone-aware objects to represent datetimes in UTC: datetime.datetime.now(datetime.UTC).
  self.last_report_time = datetime.utcnow()
2025-08-30 06:51:03,336 - __main__ - INFO - 🚀 AGGRESSIVE CRYPTO TRADING BOT - FULL SYSTEM INITIALIZED
2025-08-30 06:51:03,336 - __main__ - INFO - 💰 Initial Capital: $344.27
2025-08-30 06:51:03,336 - __main__ - INFO - ⚡ Portfolio Risk: 80.0%
2025-08-30 06:51:03,336 - __main__ - INFO - 🎯 Max Position Size: 50.0%
2025-08-30 06:51:03,336 - __main__ - INFO - 🔥 LIVE TRADING MODE: True
2025-08-30 06:51:03,337 - __main__ - INFO - 🔥 AGGRESSIVE CRYPTO TRADING BOT - FULL SYSTEM STARTING...
2025-08-30 06:51:03,338 - __main__ - INFO - 🚀 Starting aggressive live trading operations...
2025-08-30 06:51:03,338 - __main__ - INFO - ⚡ Starting trading cycle - analyzing markets...
/home/user/webapp/main.py:1091: DeprecationWarning: datetime.datetime.utcnow() is deprecated and scheduled for removal in a future version. Use timezone-aware objects to represent datetimes in UTC: datetime.datetime.now(datetime.UTC).
  if datetime.utcnow() - self.last_report_time > timedelta(hours=24):
2025-08-30 06:51:03,338 - __main__ - INFO - 📊 Trading cycle complete | Active positions: 0
2025-08-30 06:51:03,338 - __main__ - INFO - 💰 Portfolio value: $344.27 | Total P&L: $0.00
INFO:     Started server process [13482]
INFO:     Waiting for application startup.
INFO:     Application startup complete.
INFO:     Uvicorn running on http://0.0.0.0:8889 (Press CTRL+C to quit)
/home/user/webapp/main.py:824: DeprecationWarning: datetime.datetime.utcnow() is deprecated and scheduled for removal in a future version. Use timezone-aware objects to represent datetimes in UTC: datetime.datetime.now(datetime.UTC).
  uptime = datetime.utcnow() - self.start_time
/home/user/webapp/main.py:829: DeprecationWarning: datetime.datetime.utcnow() is deprecated and scheduled for removal in a future version. Use timezone-aware objects to represent datetimes in UTC: datetime.datetime.now(datetime.UTC).
  "timestamp": datetime.utcnow().isoformat(),
INFO:     Shutting down
INFO:     Waiting for application shutdown.
INFO:     Application shutdown complete.
INFO:     Finished server process [13482]
/home/user/webapp/main.py:766: DeprecationWarning: datetime.datetime.utcnow() is deprecated and scheduled for removal in a future version. Use timezone-aware objects to represent datetimes in UTC: datetime.datetime.now(datetime.UTC).
  self.start_time = datetime.utcnow()
/home/user/webapp/main.py:767: DeprecationWarning: datetime.datetime.utcnow() is deprecated and scheduled for removal in a future version. Use timezone-aware objects to represent datetimes in UTC: datetime.datetime.now(datetime.UTC).
  self.last_report_time = datetime.utcnow()
2025-08-30 06:55:27,321 - __main__ - INFO - 🚀 AGGRESSIVE CRYPTO TRADING BOT - FULL SYSTEM INITIALIZED
2025-08-30 06:55:27,321 - __main__ - INFO - 💰 Initial Capital: $3,804.32
2025-08-30 06:55:27,321 - __main__ - INFO - ⚡ Portfolio Risk: 80.0%
2025-08-30 06:55:27,321 - __main__ - INFO - 🎯 Max Position Size: 50.0%
2025-08-30 06:55:27,322 - __main__ - INFO - 🔥 LIVE TRADING MODE: True
2025-08-30 06:55:27,322 - __main__ - INFO - 🔥 AGGRESSIVE CRYPTO TRADING BOT - FULL SYSTEM STARTING...
2025-08-30 06:55:27,323 - __main__ - INFO - 🚀 Starting aggressive live trading operations...
2025-08-30 06:55:27,323 - __main__ - INFO - ⚡ Starting trading cycle - analyzing markets...
/home/user/webapp/main.py:1119: DeprecationWarning: datetime.datetime.utcnow() is deprecated and scheduled for removal in a future version. Use timezone-aware objects to represent datetimes in UTC: datetime.datetime.now(datetime.UTC).
  if datetime.utcnow() - self.last_report_time > timedelta(hours=24):
2025-08-30 06:55:27,323 - __main__ - INFO - 📊 Trading cycle complete | Active positions: 0
2025-08-30 06:55:27,323 - __main__ - INFO - 💰 Portfolio value: $3,804.32 | Total P&L: $0.00
INFO:     Started server process [14408]
INFO:     Waiting for application startup.
INFO:     Application startup complete.
INFO:     Uvicorn running on http://0.0.0.0:8889 (Press CTRL+C to quit)
/home/user/webapp/main.py:852: DeprecationWarning: datetime.datetime.utcnow() is deprecated and scheduled for removal in a future version. Use timezone-aware objects to represent datetimes in UTC: datetime.datetime.now(datetime.UTC).
  uptime = datetime.utcnow() - self.start_time
/home/user/webapp/main.py:857: DeprecationWarning: datetime.datetime.utcnow() is deprecated and scheduled for removal in a future version. Use timezone-aware objects to represent datetimes in UTC: datetime.datetime.now(datetime.UTC).
  "timestamp": datetime.utcnow().isoformat(),
2025-08-30 07:10:27,324 - __main__ - INFO - ⚡ Starting trading cycle - analyzing markets...
2025-08-30 07:10:27,325 - __main__ - INFO - 📊 Trading cycle complete | Active positions: 0
2025-08-30 07:10:27,325 - __main__ - INFO - 💰 Portfolio value: $3,804.32 | Total P&L: $0.00
2025-08-30 07:25:27,325 - __main__ - INFO - ⚡ Starting trading cycle - analyzing markets...
2025-08-30 07:25:27,326 - __main__ - INFO - 📊 Trading cycle complete | Active positions: 0
2025-08-30 07:25:27,326 - __main__ - INFO - 💰 Portfolio value: $3,804.32 | Total P&L: $0.00
